// Jest Snapshot v1, https://goo.gl/fbAQLP

exports[`Debe encontrar los elementos correctos en el DOM Debe encontrar el componente en el documento 1`] = `
<styled.div>
  <LogoComponent />
  <styled.div>
    <styled.span
      className="material-icons"
      top={40.34}
    >
      
    </styled.span>
    <styled.span
      className="material-icons"
      top={49.59}
    >
      
    </styled.span>
    <styled.span
      className="material-icons"
      top={60.16}
    >
      
    </styled.span>
  </styled.div>
  <ShoppingCart
    WrapperComponent={
      Object {
        "$$typeof": Symbol(react.forward_ref),
        "attrs": Array [],
        "componentStyle": e {
          "baseHash": -1179868038,
          "baseStyle": undefined,
          "componentId": "sc-dkPtRN",
          "isStatic": false,
          "rules": Array [
            "
  position: absolute;
  left: 35.83%;
  top: ",
            [Function],
            ";
  width: 20.04px;
  height: 16.25px;
  color: #454545;
",
          ],
          "staticRulesId": "",
        },
        "foldedComponentIds": Array [],
        "render": [Function],
        "shouldForwardProp": undefined,
        "styledComponentId": "sc-dkPtRN",
        "target": "span",
        "toString": [Function],
        "warnTooManyClasses": [Function],
        "withComponent": [Function],
      }
    }
  />
</styled.div>
`;
